Archive member included to satisfy reference by file (symbol)

/usr/lib/gcc/arm-none-eabi/9.2.1/../../../arm-none-eabi/lib/thumb/v7-m/nofp/libc_nano.a(lib_a-atexit.o)
                              /usr/lib/gcc/arm-none-eabi/9.2.1/../../../arm-none-eabi/lib/thumb/v7-m/nofp/crt0.o (atexit)
/usr/lib/gcc/arm-none-eabi/9.2.1/../../../arm-none-eabi/lib/thumb/v7-m/nofp/libc_nano.a(lib_a-exit.o)
                              /usr/lib/gcc/arm-none-eabi/9.2.1/../../../arm-none-eabi/lib/thumb/v7-m/nofp/crt0.o (exit)
/usr/lib/gcc/arm-none-eabi/9.2.1/../../../arm-none-eabi/lib/thumb/v7-m/nofp/libc_nano.a(lib_a-fini.o)
                              /usr/lib/gcc/arm-none-eabi/9.2.1/../../../arm-none-eabi/lib/thumb/v7-m/nofp/crt0.o (__libc_fini_array)
/usr/lib/gcc/arm-none-eabi/9.2.1/../../../arm-none-eabi/lib/thumb/v7-m/nofp/libc_nano.a(lib_a-impure.o)
                              /usr/lib/gcc/arm-none-eabi/9.2.1/../../../arm-none-eabi/lib/thumb/v7-m/nofp/libc_nano.a(lib_a-exit.o) (_global_impure_ptr)
/usr/lib/gcc/arm-none-eabi/9.2.1/../../../arm-none-eabi/lib/thumb/v7-m/nofp/libc_nano.a(lib_a-init.o)
                              /usr/lib/gcc/arm-none-eabi/9.2.1/../../../arm-none-eabi/lib/thumb/v7-m/nofp/crt0.o (__libc_init_array)
/usr/lib/gcc/arm-none-eabi/9.2.1/../../../arm-none-eabi/lib/thumb/v7-m/nofp/libc_nano.a(lib_a-memset.o)
                              /usr/lib/gcc/arm-none-eabi/9.2.1/../../../arm-none-eabi/lib/thumb/v7-m/nofp/crt0.o (memset)
/usr/lib/gcc/arm-none-eabi/9.2.1/../../../arm-none-eabi/lib/thumb/v7-m/nofp/libc_nano.a(lib_a-__atexit.o)
                              /usr/lib/gcc/arm-none-eabi/9.2.1/../../../arm-none-eabi/lib/thumb/v7-m/nofp/libc_nano.a(lib_a-atexit.o) (__register_exitproc)
/usr/lib/gcc/arm-none-eabi/9.2.1/../../../arm-none-eabi/lib/thumb/v7-m/nofp/libc_nano.a(lib_a-__call_atexit.o)
                              /usr/lib/gcc/arm-none-eabi/9.2.1/../../../arm-none-eabi/lib/thumb/v7-m/nofp/libc_nano.a(lib_a-__atexit.o) (__call_exitprocs)
/usr/lib/gcc/arm-none-eabi/9.2.1/../../../arm-none-eabi/lib/thumb/v7-m/nofp/libg_nano.a(lib_a-errno.o)
                              CMakeFiles/test2.dir/Core/Src/sysmem.c.obj (__errno)

Allocating common symbols
Common symbol       size              file

uwTick              0x4               CMakeFiles/test2.dir/Drivers/STM32F1xx_HAL_Driver/Src/stm32f1xx_hal.c.obj
pFlash              0x20              CMakeFiles/test2.dir/Drivers/STM32F1xx_HAL_Driver/Src/stm32f1xx_hal_flash.c.obj

Discarded input sections

 .text          0x0000000000000000        0x0 /usr/lib/gcc/arm-none-eabi/9.2.1/thumb/v7-m/nofp/crti.o
 .data          0x0000000000000000        0x0 /usr/lib/gcc/arm-none-eabi/9.2.1/thumb/v7-m/nofp/crti.o
 .bss           0x0000000000000000        0x0 /usr/lib/gcc/arm-none-eabi/9.2.1/thumb/v7-m/nofp/crti.o
 .data          0x0000000000000000        0x4 /usr/lib/gcc/arm-none-eabi/9.2.1/thumb/v7-m/nofp/crtbegin.o
 .text          0x0000000000000000       0x70 /usr/lib/gcc/arm-none-eabi/9.2.1/../../../arm-none-eabi/lib/thumb/v7-m/nofp/crt0.o
 .data          0x0000000000000000        0x0 /usr/lib/gcc/arm-none-eabi/9.2.1/../../../arm-none-eabi/lib/thumb/v7-m/nofp/crt0.o
 .bss           0x0000000000000000        0x0 /usr/lib/gcc/arm-none-eabi/9.2.1/../../../arm-none-eabi/lib/thumb/v7-m/nofp/crt0.o
 .ARM.extab     0x0000000000000000        0x0 /usr/lib/gcc/arm-none-eabi/9.2.1/../../../arm-none-eabi/lib/thumb/v7-m/nofp/crt0.o
 .ARM.exidx     0x0000000000000000       0x10 /usr/lib/gcc/arm-none-eabi/9.2.1/../../../arm-none-eabi/lib/thumb/v7-m/nofp/crt0.o
 .debug_line    0x0000000000000000       0x87 /usr/lib/gcc/arm-none-eabi/9.2.1/../../../arm-none-eabi/lib/thumb/v7-m/nofp/crt0.o
 .debug_info    0x0000000000000000       0x26 /usr/lib/gcc/arm-none-eabi/9.2.1/../../../arm-none-eabi/lib/thumb/v7-m/nofp/crt0.o
 .debug_abbrev  0x0000000000000000       0x14 /usr/lib/gcc/arm-none-eabi/9.2.1/../../../arm-none-eabi/lib/thumb/v7-m/nofp/crt0.o
 .debug_aranges
                0x0000000000000000       0x20 /usr/lib/gcc/arm-none-eabi/9.2.1/../../../arm-none-eabi/lib/thumb/v7-m/nofp/crt0.o
 .debug_str     0x0000000000000000       0x94 /usr/lib/gcc/arm-none-eabi/9.2.1/../../../arm-none-eabi/lib/thumb/v7-m/nofp/crt0.o
 .ARM.attributes
                0x0000000000000000       0x1b /usr/lib/gcc/arm-none-eabi/9.2.1/../../../arm-none-eabi/lib/thumb/v7-m/nofp/crt0.o
 .text          0x0000000000000000        0xc /usr/lib/gcc/arm-none-eabi/9.2.1/../../../arm-none-eabi/lib/thumb/v7-m/nofp/libc_nano.a(lib_a-atexit.o)
 .data          0x0000000000000000        0x0 /usr/lib/gcc/arm-none-eabi/9.2.1/../../../arm-none-eabi/lib/thumb/v7-m/nofp/libc_nano.a(lib_a-atexit.o)
 .bss           0x0000000000000000        0x0 /usr/lib/gcc/arm-none-eabi/9.2.1/../../../arm-none-eabi/lib/thumb/v7-m/nofp/libc_nano.a(lib_a-atexit.o)
 .debug_info    0x0000000000000000      0x995 /usr/lib/gcc/arm-none-eabi/9.2.1/../../../arm-none-eabi/lib/thumb/v7-m/nofp/libc_nano.a(lib_a-atexit.o)
[...]
Memory Configuration

Name             Origin             Length             Attributes
RAM              0x0000000020000000 0x0000000000005000 xrw
FLASH            0x0000000008000000 0x0000000000010000 xr
*default*        0x0000000000000000 0xffffffffffffffff

Linker script and memory map

LOAD /usr/lib/gcc/arm-none-eabi/9.2.1/thumb/v7-m/nofp/crti.o
LOAD /usr/lib/gcc/arm-none-eabi/9.2.1/thumb/v7-m/nofp/crtbegin.o
LOAD /usr/lib/gcc/arm-none-eabi/9.2.1/../../../arm-none-eabi/lib/thumb/v7-m/nofp/crt0.o
START GROUP
LOAD /usr/lib/gcc/arm-none-eabi/9.2.1/../../../arm-none-eabi/lib/thumb/v7-m/nofp/libc_nano.a
LOAD /usr/lib/gcc/arm-none-eabi/9.2.1/../../../arm-none-eabi/lib/thumb/v7-m/nofp/libm.a
END GROUP
LOAD CMakeFiles/test2.dir/Core/Src/main.c.obj
LOAD CMakeFiles/test2.dir/Core/Src/stm32f1xx_it.c.obj
LOAD CMakeFiles/test2.dir/Core/Src/stm32f1xx_hal_msp.c.obj
LOAD CMakeFiles/test2.dir/Drivers/STM32F1xx_HAL_Driver/Src/stm32f1xx_hal_gpio_ex.c.obj
LOAD CMakeFiles/test2.dir/Drivers/STM32F1xx_HAL_Driver/Src/stm32f1xx_hal_tim.c.obj
LOAD CMakeFiles/test2.dir/Drivers/STM32F1xx_HAL_Driver/Src/stm32f1xx_hal_tim_ex.c.obj
LOAD CMakeFiles/test2.dir/Drivers/STM32F1xx_HAL_Driver/Src/stm32f1xx_hal.c.obj
LOAD CMakeFiles/test2.dir/Drivers/STM32F1xx_HAL_Driver/Src/stm32f1xx_hal_rcc.c.obj
LOAD CMakeFiles/test2.dir/Drivers/STM32F1xx_HAL_Driver/Src/stm32f1xx_hal_rcc_ex.c.obj
LOAD CMakeFiles/test2.dir/Drivers/STM32F1xx_HAL_Driver/Src/stm32f1xx_hal_gpio.c.obj
LOAD CMakeFiles/test2.dir/Drivers/STM32F1xx_HAL_Driver/Src/stm32f1xx_hal_dma.c.obj
LOAD CMakeFiles/test2.dir/Drivers/STM32F1xx_HAL_Driver/Src/stm32f1xx_hal_cortex.c.obj
LOAD CMakeFiles/test2.dir/Drivers/STM32F1xx_HAL_Driver/Src/stm32f1xx_hal_pwr.c.obj
LOAD CMakeFiles/test2.dir/Drivers/STM32F1xx_HAL_Driver/Src/stm32f1xx_hal_flash.c.obj
LOAD CMakeFiles/test2.dir/Drivers/STM32F1xx_HAL_Driver/Src/stm32f1xx_hal_flash_ex.c.obj
LOAD CMakeFiles/test2.dir/Drivers/STM32F1xx_HAL_Driver/Src/stm32f1xx_hal_exti.c.obj
LOAD CMakeFiles/test2.dir/Core/Src/system_stm32f1xx.c.obj
LOAD CMakeFiles/test2.dir/Core/Src/sysmem.c.obj
LOAD CMakeFiles/test2.dir/Core/Src/syscalls.c.obj
LOAD CMakeFiles/test2.dir/startup_stm32f103xb.s.obj
START GROUP
LOAD /usr/lib/gcc/arm-none-eabi/9.2.1/thumb/v7-m/nofp/libgcc.a
LOAD /usr/lib/gcc/arm-none-eabi/9.2.1/../../../arm-none-eabi/lib/thumb/v7-m/nofp/libg_nano.a
LOAD /usr/lib/gcc/arm-none-eabi/9.2.1/../../../arm-none-eabi/lib/thumb/v7-m/nofp/libc_nano.a
END GROUP
START GROUP
LOAD /usr/lib/gcc/arm-none-eabi/9.2.1/thumb/v7-m/nofp/libgcc.a
LOAD /usr/lib/gcc/arm-none-eabi/9.2.1/../../../arm-none-eabi/lib/thumb/v7-m/nofp/libc_nano.a
END GROUP
LOAD /usr/lib/gcc/arm-none-eabi/9.2.1/thumb/v7-m/nofp/crtend.o
LOAD /usr/lib/gcc/arm-none-eabi/9.2.1/thumb/v7-m/nofp/crtn.o
                0x0000000020005000                _estack = (ORIGIN (RAM) + LENGTH (RAM))
                0x0000000000000200                _Min_Heap_Size = 0x200
                0x0000000000000400                _Min_Stack_Size = 0x400

.isr_vector     0x0000000008000000      0x10c
                0x0000000008000000                . = ALIGN (0x4)
 *(.isr_vector)
 .isr_vector    0x0000000008000000      0x10c CMakeFiles/test2.dir/startup_stm32f103xb.s.obj
                0x0000000008000000                g_pfnVectors
                0x000000000800010c                . = ALIGN (0x4)

.text           0x000000000800010c     0x1168
                0x000000000800010c                . = ALIGN (0x4)
 *(.text)
 .text          0x000000000800010c       0x88 /usr/lib/gcc/arm-none-eabi/9.2.1/thumb/v7-m/nofp/crtbegin.o
 .text          0x0000000008000194       0x48 /usr/lib/gcc/arm-none-eabi/9.2.1/../../../arm-none-eabi/lib/thumb/v7-m/nofp/libc_nano.a(lib_a-init.o)
                0x0000000008000194                __libc_init_array
 .text          0x00000000080001dc       0xa0 /usr/lib/gcc/arm-none-eabi/9.2.1/../../../arm-none-eabi/lib/thumb/v7-m/nofp/libc_nano.a(lib_a-memset.o)
                0x00000000080001dc                memset
 *(.text*)
 .text.main     0x000000000800027c       0x28 CMakeFiles/test2.dir/Core/Src/main.c.obj
                0x000000000800027c                main
 .text.SystemClock_Config
                0x00000000080002a4       0x82 CMakeFiles/test2.dir/Core/Src/main.c.obj
                0x00000000080002a4                SystemClock_Config
 *fill*         0x0000000008000326        0x2 
 .text.MX_GPIO_Init
                0x0000000008000328       0x5c CMakeFiles/test2.dir/Core/Src/main.c.obj
 .text.Error_Handler
                0x0000000008000384        0x6 CMakeFiles/test2.dir/Core/Src/main.c.obj
                0x0000000008000384                Error_Handler
 .text.NMI_Handler
                0x000000000800038a        0x6 CMakeFiles/test2.dir/Core/Src/stm32f1xx_it.c.obj
                0x000000000800038a                NMI_Handler
 .text.HardFault_Handler
                0x0000000008000390        0x6 CMakeFiles/test2.dir/Core/Src/stm32f1xx_it.c.obj
                0x0000000008000390                HardFault_Handler
 .text.MemManage_Handler
                0x0000000008000396        0x6 CMakeFiles/test2.dir/Core/Src/stm32f1xx_it.c.obj
                0x0000000008000396                MemManage_Handler
 .text.BusFault_Handler
                0x000000000800039c        0x6 CMakeFiles/test2.dir/Core/Src/stm32f1xx_it.c.obj
                0x000000000800039c                BusFault_Handler
 .text.UsageFault_Handler
                0x00000000080003a2        0x6 CMakeFiles/test2.dir/Core/Src/stm32f1xx_it.c.obj
                0x00000000080003a2                UsageFault_Handler
 .text.SVC_Handler
                0x00000000080003a8        0xc CMakeFiles/test2.dir/Core/Src/stm32f1xx_it.c.obj
                0x00000000080003a8                SVC_Handler
 .text.DebugMon_Handler
                0x00000000080003b4        0xc CMakeFiles/test2.dir/Core/Src/stm32f1xx_it.c.obj
                0x00000000080003b4                DebugMon_Handler
 .text.PendSV_Handler
                0x00000000080003c0        0xc CMakeFiles/test2.dir/Core/Src/stm32f1xx_it.c.obj
                0x00000000080003c0                PendSV_Handler
 .text.SysTick_Handler
                0x00000000080003cc        0xc CMakeFiles/test2.dir/Core/Src/stm32f1xx_it.c.obj
                0x00000000080003cc                SysTick_Handler
 .text.HAL_MspInit
                0x00000000080003d8       0x64 CMakeFiles/test2.dir/Core/Src/stm32f1xx_hal_msp.c.obj
                0x00000000080003d8                HAL_MspInit
 .text.HAL_Init
                0x000000000800043c       0x2c CMakeFiles/test2.dir/Drivers/STM32F1xx_HAL_Driver/Src/stm32f1xx_hal.c.obj
                0x000000000800043c                HAL_Init
 .text.HAL_InitTick
                0x0000000008000468       0x60 CMakeFiles/test2.dir/Drivers/STM32F1xx_HAL_Driver/Src/stm32f1xx_hal.c.obj
                0x0000000008000468                HAL_InitTick
 .text.HAL_IncTick
                0x00000000080004c8       0x24 CMakeFiles/test2.dir/Drivers/STM32F1xx_HAL_Driver/Src/stm32f1xx_hal.c.obj
                0x00000000080004c8                HAL_IncTick
 .text.HAL_GetTick
                0x00000000080004ec       0x14 CMakeFiles/test2.dir/Drivers/STM32F1xx_HAL_Driver/Src/stm32f1xx_hal.c.obj
                0x00000000080004ec                HAL_GetTick
 .text.HAL_Delay
                0x0000000008000500       0x48 CMakeFiles/test2.dir/Drivers/STM32F1xx_HAL_Driver/Src/stm32f1xx_hal.c.obj
                0x0000000008000500                HAL_Delay
 .text.HAL_RCC_OscConfig
                0x0000000008000548      0x500 CMakeFiles/test2.dir/Drivers/STM32F1xx_HAL_Driver/Src/stm32f1xx_hal_rcc.c.obj
                0x0000000008000548                HAL_RCC_OscConfig
 .text.HAL_RCC_ClockConfig
                0x0000000008000a48      0x1d4 CMakeFiles/test2.dir/Drivers/STM32F1xx_HAL_Driver/Src/stm32f1xx_hal_rcc.c.obj
                0x0000000008000a48                HAL_RCC_ClockConfig
 .text.HAL_RCC_GetSysClockFreq
                0x0000000008000c1c       0xa8 CMakeFiles/test2.dir/Drivers/STM32F1xx_HAL_Driver/Src/stm32f1xx_hal_rcc.c.obj
                0x0000000008000c1c                HAL_RCC_GetSysClockFreq
 .text.RCC_Delay
                0x0000000008000cc4       0x3c CMakeFiles/test2.dir/Drivers/STM32F1xx_HAL_Driver/Src/stm32f1xx_hal_rcc.c.obj
 .text.HAL_GPIO_Init
                0x0000000008000d00      0x308 CMakeFiles/test2.dir/Drivers/STM32F1xx_HAL_Driver/Src/stm32f1xx_hal_gpio.c.obj
                0x0000000008000d00                HAL_GPIO_Init
 .text.HAL_GPIO_TogglePin
                0x0000000008001008       0x32 CMakeFiles/test2.dir/Drivers/STM32F1xx_HAL_Driver/Src/stm32f1xx_hal_gpio.c.obj
                0x0000000008001008                HAL_GPIO_TogglePin
 *fill*         0x000000000800103a        0x2 
 .text.__NVIC_SetPriorityGrouping
                0x000000000800103c       0x48 CMakeFiles/test2.dir/Drivers/STM32F1xx_HAL_Driver/Src/stm32f1xx_hal_cortex.c.obj
 .text.__NVIC_GetPriorityGrouping
                0x0000000008001084       0x1c CMakeFiles/test2.dir/Drivers/STM32F1xx_HAL_Driver/Src/stm32f1xx_hal_cortex.c.obj
 .text.__NVIC_SetPriority
                0x00000000080010a0       0x54 CMakeFiles/test2.dir/Drivers/STM32F1xx_HAL_Driver/Src/stm32f1xx_hal_cortex.c.obj
 .text.NVIC_EncodePriority
                0x00000000080010f4       0x64 CMakeFiles/test2.dir/Drivers/STM32F1xx_HAL_Driver/Src/stm32f1xx_hal_cortex.c.obj
 .text.SysTick_Config
                0x0000000008001158       0x44 CMakeFiles/test2.dir/Drivers/STM32F1xx_HAL_Driver/Src/stm32f1xx_hal_cortex.c.obj
 .text.HAL_NVIC_SetPriorityGrouping
                0x000000000800119c       0x16 CMakeFiles/test2.dir/Drivers/STM32F1xx_HAL_Driver/Src/stm32f1xx_hal_cortex.c.obj
                0x000000000800119c                HAL_NVIC_SetPriorityGrouping
 .text.HAL_NVIC_SetPriority
                0x00000000080011b2       0x38 CMakeFiles/test2.dir/Drivers/STM32F1xx_HAL_Driver/Src/stm32f1xx_hal_cortex.c.obj
                0x00000000080011b2                HAL_NVIC_SetPriority
 .text.HAL_SYSTICK_Config
                0x00000000080011ea       0x18 CMakeFiles/test2.dir/Drivers/STM32F1xx_HAL_Driver/Src/stm32f1xx_hal_cortex.c.obj
                0x00000000080011ea                HAL_SYSTICK_Config
 .text.SystemInit
                0x0000000008001202        0xc CMakeFiles/test2.dir/Core/Src/system_stm32f1xx.c.obj
                0x0000000008001202                SystemInit
 *fill*         0x000000000800120e        0x2 
 .text.Reset_Handler
                0x0000000008001210       0x48 CMakeFiles/test2.dir/startup_stm32f103xb.s.obj
                0x0000000008001210                Reset_Handler
 .text.Default_Handler
                0x0000000008001258        0x2 CMakeFiles/test2.dir/startup_stm32f103xb.s.obj
                0x0000000008001258                RTC_Alarm_IRQHandler
                0x0000000008001258                EXTI2_IRQHandler
                0x0000000008001258                TIM1_CC_IRQHandler
                0x0000000008001258                PVD_IRQHandler
                0x0000000008001258                EXTI3_IRQHandler
                0x0000000008001258                EXTI0_IRQHandler
                0x0000000008001258                I2C2_EV_IRQHandler
                0x0000000008001258                ADC1_2_IRQHandler
                0x0000000008001258                SPI1_IRQHandler
                0x0000000008001258                TAMPER_IRQHandler
                0x0000000008001258                DMA1_Channel4_IRQHandler
                0x0000000008001258                USART3_IRQHandler
                0x0000000008001258                RTC_IRQHandler
                0x0000000008001258                DMA1_Channel7_IRQHandler
                0x0000000008001258                CAN1_RX1_IRQHandler
                0x0000000008001258                TIM4_IRQHandler
                0x0000000008001258                I2C1_EV_IRQHandler
                0x0000000008001258                DMA1_Channel6_IRQHandler
                0x0000000008001258                TIM3_IRQHandler
                0x0000000008001258                RCC_IRQHandler
                0x0000000008001258                TIM1_TRG_COM_IRQHandler
                0x0000000008001258                DMA1_Channel1_IRQHandler
                0x0000000008001258                Default_Handler
                0x0000000008001258                EXTI15_10_IRQHandler
                0x0000000008001258                EXTI9_5_IRQHandler
                0x0000000008001258                SPI2_IRQHandler
                0x0000000008001258                DMA1_Channel5_IRQHandler
                0x0000000008001258                EXTI4_IRQHandler
                0x0000000008001258                USB_LP_CAN1_RX0_IRQHandler
                0x0000000008001258                USB_HP_CAN1_TX_IRQHandler
                0x0000000008001258                DMA1_Channel3_IRQHandler
                0x0000000008001258                TIM1_UP_IRQHandler
                0x0000000008001258                WWDG_IRQHandler
                0x0000000008001258                TIM2_IRQHandler
                0x0000000008001258                TIM1_BRK_IRQHandler
                0x0000000008001258                EXTI1_IRQHandler
                0x0000000008001258                USART2_IRQHandler
                0x0000000008001258                I2C2_ER_IRQHandler
                0x0000000008001258                DMA1_Channel2_IRQHandler
                0x0000000008001258                CAN1_SCE_IRQHandler
                0x0000000008001258                FLASH_IRQHandler
                0x0000000008001258                USART1_IRQHandler
                0x0000000008001258                I2C1_ER_IRQHandler
                0x0000000008001258                USBWakeUp_IRQHandler
 *(.glue_7)
 .glue_7        0x000000000800125a        0x0 linker stubs
 *(.glue_7t)
 .glue_7t       0x000000000800125a        0x0 linker stubs
 *(.eh_frame)
 *fill*         0x000000000800125a        0x2 
 .eh_frame      0x000000000800125c        0x0 /usr/lib/gcc/arm-none-eabi/9.2.1/thumb/v7-m/nofp/crtbegin.o
 *(.init)
 .init          0x000000000800125c        0x4 /usr/lib/gcc/arm-none-eabi/9.2.1/thumb/v7-m/nofp/crti.o
                0x000000000800125c                _init
 .init          0x0000000008001260        0x8 /usr/lib/gcc/arm-none-eabi/9.2.1/thumb/v7-m/nofp/crtn.o
 *(.fini)
 .fini          0x0000000008001268        0x4 /usr/lib/gcc/arm-none-eabi/9.2.1/thumb/v7-m/nofp/crti.o
                0x0000000008001268                _fini
 .fini          0x000000000800126c        0x8 /usr/lib/gcc/arm-none-eabi/9.2.1/thumb/v7-m/nofp/crtn.o
                0x0000000008001274                . = ALIGN (0x4)
                0x0000000008001274                _etext = .

.vfp11_veneer   0x0000000008001274        0x0
 .vfp11_veneer  0x0000000008001274        0x0 linker stubs

.v4_bx          0x0000000008001274        0x0
 .v4_bx         0x0000000008001274        0x0 linker stubs

.iplt           0x0000000008001274        0x0
 .iplt          0x0000000008001274        0x0 /usr/lib/gcc/arm-none-eabi/9.2.1/thumb/v7-m/nofp/crtbegin.o

.rodata         0x0000000008001274       0x24
                0x0000000008001274                . = ALIGN (0x4)
 *(.rodata)
 *(.rodata*)
 .rodata.aPLLMULFactorTable.5487
                0x0000000008001274       0x10 CMakeFiles/test2.dir/Drivers/STM32F1xx_HAL_Driver/Src/stm32f1xx_hal_rcc.c.obj
 .rodata.aPredivFactorTable.5488
                0x0000000008001284        0x2 CMakeFiles/test2.dir/Drivers/STM32F1xx_HAL_Driver/Src/stm32f1xx_hal_rcc.c.obj
 *fill*         0x0000000008001286        0x2 
 .rodata.AHBPrescTable
                0x0000000008001288       0x10 CMakeFiles/test2.dir/Core/Src/system_stm32f1xx.c.obj
                0x0000000008001288                AHBPrescTable
                0x0000000008001298                . = ALIGN (0x4)

.rel.dyn        0x0000000008001298        0x0
 .rel.iplt      0x0000000008001298        0x0 /usr/lib/gcc/arm-none-eabi/9.2.1/thumb/v7-m/nofp/crtbegin.o

.ARM.extab
 *(.ARM.extab* .gnu.linkonce.armextab.*)

.ARM            0x0000000008001298        0x0
                0x0000000008001298                __exidx_start = .
 *(.ARM.exidx*)
                0x0000000008001298                __exidx_end = .

.preinit_array  0x0000000008001298        0x0
                0x0000000008001298                PROVIDE (__preinit_array_start = .)
 *(.preinit_array*)
                0x0000000008001298                PROVIDE (__preinit_array_end = .)

.init_array     0x0000000008001298        0x4
                0x0000000008001298                PROVIDE (__init_array_start = .)
 *(SORT_BY_NAME(.init_array.*))
 *(.init_array*)
 .init_array    0x0000000008001298        0x4 /usr/lib/gcc/arm-none-eabi/9.2.1/thumb/v7-m/nofp/crtbegin.o
                0x000000000800129c                PROVIDE (__init_array_end = .)

.fini_array     0x000000000800129c        0x4
                0x000000000800129c                PROVIDE (__fini_array_start = .)
 *(SORT_BY_NAME(.fini_array.*))
 *(.fini_array*)
 .fini_array    0x000000000800129c        0x4 /usr/lib/gcc/arm-none-eabi/9.2.1/thumb/v7-m/nofp/crtbegin.o
                0x00000000080012a0                PROVIDE (__fini_array_end = .)
                0x00000000080012a0                _sidata = LOADADDR (.data)

.data           0x0000000020000000        0xc load address 0x00000000080012a0
                0x0000000020000000                . = ALIGN (0x4)
                0x0000000020000000                _sdata = .
 *(.data)
 *(.data*)
 .data.uwTickPrio
                0x0000000020000000        0x4 CMakeFiles/test2.dir/Drivers/STM32F1xx_HAL_Driver/Src/stm32f1xx_hal.c.obj
                0x0000000020000000                uwTickPrio
 .data.uwTickFreq
                0x0000000020000004        0x1 CMakeFiles/test2.dir/Drivers/STM32F1xx_HAL_Driver/Src/stm32f1xx_hal.c.obj
                0x0000000020000004                uwTickFreq
 *fill*         0x0000000020000005        0x3 
 .data.SystemCoreClock
                0x0000000020000008        0x4 CMakeFiles/test2.dir/Core/Src/system_stm32f1xx.c.obj
                0x0000000020000008                SystemCoreClock
                0x000000002000000c                . = ALIGN (0x4)
                0x000000002000000c                _edata = .

.tm_clone_table
                0x000000002000000c        0x0 load address 0x00000000080012ac
 .tm_clone_table
                0x000000002000000c        0x0 /usr/lib/gcc/arm-none-eabi/9.2.1/thumb/v7-m/nofp/crtbegin.o
 .tm_clone_table
                0x000000002000000c        0x0 /usr/lib/gcc/arm-none-eabi/9.2.1/thumb/v7-m/nofp/crtend.o

.igot.plt       0x000000002000000c        0x0 load address 0x00000000080012ac
 .igot.plt      0x000000002000000c        0x0 /usr/lib/gcc/arm-none-eabi/9.2.1/thumb/v7-m/nofp/crtbegin.o
                0x000000002000000c                . = ALIGN (0x4)

.bss            0x000000002000000c       0x20 load address 0x00000000080012ac
                0x000000002000000c                _sbss = .
                0x000000002000000c                __bss_start__ = _sbss
 *(.bss)
 .bss           0x000000002000000c       0x1c /usr/lib/gcc/arm-none-eabi/9.2.1/thumb/v7-m/nofp/crtbegin.o
 *(.bss*)
 *(COMMON)
 COMMON         0x0000000020000028        0x4 CMakeFiles/test2.dir/Drivers/STM32F1xx_HAL_Driver/Src/stm32f1xx_hal.c.obj
                0x0000000020000028                uwTick
                0x000000002000002c                . = ALIGN (0x4)
                0x000000002000002c                _ebss = .
                0x000000002000002c                __bss_end__ = _ebss

._user_heap_stack
                0x000000002000002c      0x604 load address 0x00000000080012ac
                0x0000000020000030                . = ALIGN (0x8)
 *fill*         0x000000002000002c        0x4 
                [!provide]                        PROVIDE (end = .)
                0x0000000020000030                PROVIDE (_end = .)
                0x0000000020000230                . = (. + _Min_Heap_Size)
 *fill*         0x0000000020000030      0x200 
                0x0000000020000630                . = (. + _Min_Stack_Size)
 *fill*         0x0000000020000230      0x400 
                0x0000000020000630                . = ALIGN (0x8)

/DISCARD/
 libc.a(*)
 libm.a(*)
 libgcc.a(*)

.ARM.attributes
                0x0000000000000000       0x29
 *(.ARM.attributes)
 .ARM.attributes
                0x0000000000000000       0x1d /usr/lib/gcc/arm-none-eabi/9.2.1/thumb/v7-m/nofp/crti.o
 .ARM.attributes
                0x000000000000001d       0x2d /usr/lib/gcc/arm-none-eabi/9.2.1/thumb/v7-m/nofp/crtbegin.o
 .ARM.attributes
                0x000000000000004a       0x2d /usr/lib/gcc/arm-none-eabi/9.2.1/../../../arm-none-eabi/lib/thumb/v7-m/nofp/libc_nano.a(lib_a-init.o)
 .ARM.attributes
                0x0000000000000077       0x2d /usr/lib/gcc/arm-none-eabi/9.2.1/../../../arm-none-eabi/lib/thumb/v7-m/nofp/libc_nano.a(lib_a-memset.o)
 .ARM.attributes
                0x00000000000000a4       0x2d CMakeFiles/test2.dir/Core/Src/main.c.obj
 .ARM.attributes
                0x00000000000000d1       0x2d CMakeFiles/test2.dir/Core/Src/stm32f1xx_it.c.obj
 .ARM.attributes
                0x00000000000000fe       0x2d CMakeFiles/test2.dir/Core/Src/stm32f1xx_hal_msp.c.obj
 .ARM.attributes
                0x000000000000012b       0x2d CMakeFiles/test2.dir/Drivers/STM32F1xx_HAL_Driver/Src/stm32f1xx_hal.c.obj
 .ARM.attributes
                0x0000000000000158       0x2d CMakeFiles/test2.dir/Drivers/STM32F1xx_HAL_Driver/Src/stm32f1xx_hal_rcc.c.obj
 .ARM.attributes
                0x0000000000000185       0x2d CMakeFiles/test2.dir/Drivers/STM32F1xx_HAL_Driver/Src/stm32f1xx_hal_gpio.c.obj
 .ARM.attributes
                0x00000000000001b2       0x2d CMakeFiles/test2.dir/Drivers/STM32F1xx_HAL_Driver/Src/stm32f1xx_hal_cortex.c.obj
 .ARM.attributes
                0x00000000000001df       0x2d CMakeFiles/test2.dir/Core/Src/system_stm32f1xx.c.obj
 .ARM.attributes
                0x000000000000020c       0x21 CMakeFiles/test2.dir/startup_stm32f103xb.s.obj
 .ARM.attributes
                0x000000000000022d       0x2d /usr/lib/gcc/arm-none-eabi/9.2.1/thumb/v7-m/nofp/crtend.o
 .ARM.attributes
                0x000000000000025a       0x1d /usr/lib/gcc/arm-none-eabi/9.2.1/thumb/v7-m/nofp/crtn.o
OUTPUT(test2.elf elf32-littlearm)
LOAD linker stubs
LOAD /usr/lib/gcc/arm-none-eabi/9.2.1/../../../arm-none-eabi/lib/thumb/v7-m/nofp/libc.a
LOAD /usr/lib/gcc/arm-none-eabi/9.2.1/../../../arm-none-eabi/lib/thumb/v7-m/nofp/libm.a
LOAD /usr/lib/gcc/arm-none-eabi/9.2.1/thumb/v7-m/nofp/libgcc.a

.comment        0x0000000000000000       0xa7
 .comment       0x0000000000000000       0x59 /usr/lib/gcc/arm-none-eabi/9.2.1/thumb/v7-m/nofp/crtbegin.o
                                         0x5a (size before relaxing)
 .comment       0x0000000000000059       0x4e /usr/lib/gcc/arm-none-eabi/9.2.1/../../../arm-none-eabi/lib/thumb/v7-m/nofp/libc_nano.a(lib_a-init.o)
                                         0x4f (size before relaxing)
 .comment       0x00000000000000a7       0x4f /usr/lib/gcc/arm-none-eabi/9.2.1/../../../arm-none-eabi/lib/thumb/v7-m/nofp/libc_nano.a(lib_a-memset.o)
 .comment       0x00000000000000a7       0x5a CMakeFiles/test2.dir/Core/Src/main.c.obj
 .comment       0x00000000000000a7       0x5a CMakeFiles/test2.dir/Core/Src/stm32f1xx_it.c.obj
 .comment       0x00000000000000a7       0x5a CMakeFiles/test2.dir/Core/Src/stm32f1xx_hal_msp.c.obj
 .comment       0x00000000000000a7       0x5a CMakeFiles/test2.dir/Drivers/STM32F1xx_HAL_Driver/Src/stm32f1xx_hal.c.obj
 .comment       0x00000000000000a7       0x5a CMakeFiles/test2.dir/Drivers/STM32F1xx_HAL_Driver/Src/stm32f1xx_hal_rcc.c.obj
 .comment       0x00000000000000a7       0x5a CMakeFiles/test2.dir/Drivers/STM32F1xx_HAL_Driver/Src/stm32f1xx_hal_gpio.c.obj
 .comment       0x00000000000000a7       0x5a CMakeFiles/test2.dir/Drivers/STM32F1xx_HAL_Driver/Src/stm32f1xx_hal_cortex.c.obj
 .comment       0x00000000000000a7       0x5a CMakeFiles/test2.dir/Core/Src/system_stm32f1xx.c.obj
 .comment       0x00000000000000a7       0x5a /usr/lib/gcc/arm-none-eabi/9.2.1/thumb/v7-m/nofp/crtend.o

.debug_info     0x0000000000000000     0x3ea5
 .debug_info    0x0000000000000000      0x11a /usr/lib/gcc/arm-none-eabi/9.2.1/../../../arm-none-eabi/lib/thumb/v7-m/nofp/libc_nano.a(lib_a-init.o)
 .debug_info    0x000000000000011a      0xf21 /usr/lib/gcc/arm-none-eabi/9.2.1/../../../arm-none-eabi/lib/thumb/v7-m/nofp/libc_nano.a(lib_a-memset.o)
 .debug_info    0x000000000000103b      0x4a6 CMakeFiles/test2.dir/Core/Src/main.c.obj
 .debug_info    0x00000000000014e1      0x1fe CMakeFiles/test2.dir/Core/Src/stm32f1xx_it.c.obj
 .debug_info    0x00000000000016df      0x2d8 CMakeFiles/test2.dir/Core/Src/stm32f1xx_hal_msp.c.obj
 .debug_info    0x00000000000019b7      0x746 CMakeFiles/test2.dir/Drivers/STM32F1xx_HAL_Driver/Src/stm32f1xx_hal.c.obj
 .debug_info    0x00000000000020fd      0x863 CMakeFiles/test2.dir/Drivers/STM32F1xx_HAL_Driver/Src/stm32f1xx_hal_rcc.c.obj
 .debug_info    0x0000000000002960      0x6d1 CMakeFiles/test2.dir/Drivers/STM32F1xx_HAL_Driver/Src/stm32f1xx_hal_gpio.c.obj
 .debug_info    0x0000000000003031      0xbb8 CMakeFiles/test2.dir/Drivers/STM32F1xx_HAL_Driver/Src/stm32f1xx_hal_cortex.c.obj
 .debug_info    0x0000000000003be9      0x29a CMakeFiles/test2.dir/Core/Src/system_stm32f1xx.c.obj
 .debug_info    0x0000000000003e83       0x22 CMakeFiles/test2.dir/startup_stm32f103xb.s.obj

.debug_abbrev   0x0000000000000000     0x10e4
 .debug_abbrev  0x0000000000000000       0xcc /usr/lib/gcc/arm-none-eabi/9.2.1/../../../arm-none-eabi/lib/thumb/v7-m/nofp/libc_nano.a(lib_a-init.o)
 .debug_abbrev  0x00000000000000cc      0x1d9 /usr/lib/gcc/arm-none-eabi/9.2.1/../../../arm-none-eabi/lib/thumb/v7-m/nofp/libc_nano.a(lib_a-memset.o)
 .debug_abbrev  0x00000000000002a5      0x195 CMakeFiles/test2.dir/Core/Src/main.c.obj
 .debug_abbrev  0x000000000000043a       0xd2 CMakeFiles/test2.dir/Core/Src/stm32f1xx_it.c.obj
 .debug_abbrev  0x000000000000050c      0x11d CMakeFiles/test2.dir/Core/Src/stm32f1xx_hal_msp.c.obj
 .debug_abbrev  0x0000000000000629      0x1ed CMakeFiles/test2.dir/Drivers/STM32F1xx_HAL_Driver/Src/stm32f1xx_hal.c.obj
 .debug_abbrev  0x0000000000000816      0x273 CMakeFiles/test2.dir/Drivers/STM32F1xx_HAL_Driver/Src/stm32f1xx_hal_rcc.c.obj
 .debug_abbrev  0x0000000000000a89      0x1e8 CMakeFiles/test2.dir/Drivers/STM32F1xx_HAL_Driver/Src/stm32f1xx_hal_gpio.c.obj
 .debug_abbrev  0x0000000000000c71      0x313 CMakeFiles/test2.dir/Drivers/STM32F1xx_HAL_Driver/Src/stm32f1xx_hal_cortex.c.obj
 .debug_abbrev  0x0000000000000f84      0x14e CMakeFiles/test2.dir/Core/Src/system_stm32f1xx.c.obj
 .debug_abbrev  0x00000000000010d2       0x12 CMakeFiles/test2.dir/startup_stm32f103xb.s.obj

.debug_loc      0x0000000000000000      0x2eb
 .debug_loc     0x0000000000000000       0xba /usr/lib/gcc/arm-none-eabi/9.2.1/../../../arm-none-eabi/lib/thumb/v7-m/nofp/libc_nano.a(lib_a-init.o)
 .debug_loc     0x00000000000000ba      0x231 /usr/lib/gcc/arm-none-eabi/9.2.1/../../../arm-none-eabi/lib/thumb/v7-m/nofp/libc_nano.a(lib_a-memset.o)

.debug_aranges  0x0000000000000000      0x410
 .debug_aranges
                0x0000000000000000       0x20 /usr/lib/gcc/arm-none-eabi/9.2.1/../../../arm-none-eabi/lib/thumb/v7-m/nofp/libc_nano.a(lib_a-init.o)
 .debug_aranges
                0x0000000000000020       0x20 /usr/lib/gcc/arm-none-eabi/9.2.1/../../../arm-none-eabi/lib/thumb/v7-m/nofp/libc_nano.a(lib_a-memset.o)
 .debug_aranges
                0x0000000000000040       0x38 CMakeFiles/test2.dir/Core/Src/main.c.obj
 .debug_aranges
                0x0000000000000078       0x60 CMakeFiles/test2.dir/Core/Src/stm32f1xx_it.c.obj
 .debug_aranges
                0x00000000000000d8       0x20 CMakeFiles/test2.dir/Core/Src/stm32f1xx_hal_msp.c.obj
 .debug_aranges
                0x00000000000000f8       0xe0 CMakeFiles/test2.dir/Drivers/STM32F1xx_HAL_Driver/Src/stm32f1xx_hal.c.obj
 .debug_aranges
                0x00000000000001d8       0x90 CMakeFiles/test2.dir/Drivers/STM32F1xx_HAL_Driver/Src/stm32f1xx_hal_rcc.c.obj
 .debug_aranges
                0x0000000000000268       0x58 CMakeFiles/test2.dir/Drivers/STM32F1xx_HAL_Driver/Src/stm32f1xx_hal_gpio.c.obj
 .debug_aranges
                0x00000000000002c0      0x100 CMakeFiles/test2.dir/Drivers/STM32F1xx_HAL_Driver/Src/stm32f1xx_hal_cortex.c.obj
 .debug_aranges
                0x00000000000003c0       0x28 CMakeFiles/test2.dir/Core/Src/system_stm32f1xx.c.obj
 .debug_aranges
                0x00000000000003e8       0x28 CMakeFiles/test2.dir/startup_stm32f103xb.s.obj

.debug_line     0x0000000000000000     0x3d65
 .debug_line    0x0000000000000000      0x114 /usr/lib/gcc/arm-none-eabi/9.2.1/../../../arm-none-eabi/lib/thumb/v7-m/nofp/libc_nano.a(lib_a-init.o)
 .debug_line    0x0000000000000114      0x26b /usr/lib/gcc/arm-none-eabi/9.2.1/../../../arm-none-eabi/lib/thumb/v7-m/nofp/libc_nano.a(lib_a-memset.o)
 .debug_line    0x000000000000037f      0x54c CMakeFiles/test2.dir/Core/Src/main.c.obj
 .debug_line    0x00000000000008cb      0x58a CMakeFiles/test2.dir/Core/Src/stm32f1xx_it.c.obj
 .debug_line    0x0000000000000e55      0x4c9 CMakeFiles/test2.dir/Core/Src/stm32f1xx_hal_msp.c.obj
 .debug_line    0x000000000000131e      0x773 CMakeFiles/test2.dir/Drivers/STM32F1xx_HAL_Driver/Src/stm32f1xx_hal.c.obj
 .debug_line    0x0000000000001a91      0xb7f CMakeFiles/test2.dir/Drivers/STM32F1xx_HAL_Driver/Src/stm32f1xx_hal_rcc.c.obj
 .debug_line    0x0000000000002610      0x80c CMakeFiles/test2.dir/Drivers/STM32F1xx_HAL_Driver/Src/stm32f1xx_hal_gpio.c.obj
 .debug_line    0x0000000000002e1c      0x95b CMakeFiles/test2.dir/Drivers/STM32F1xx_HAL_Driver/Src/stm32f1xx_hal_cortex.c.obj
 .debug_line    0x0000000000003777      0x546 CMakeFiles/test2.dir/Core/Src/system_stm32f1xx.c.obj
 .debug_line    0x0000000000003cbd       0xa8 CMakeFiles/test2.dir/startup_stm32f103xb.s.obj

.debug_str      0x0000000000000000    0x7c168
 .debug_str     0x0000000000000000      0x18b /usr/lib/gcc/arm-none-eabi/9.2.1/../../../arm-none-eabi/lib/thumb/v7-m/nofp/libc_nano.a(lib_a-init.o)
                                        0x221 (size before relaxing)
 .debug_str     0x000000000000018b      0x6f0 /usr/lib/gcc/arm-none-eabi/9.2.1/../../../arm-none-eabi/lib/thumb/v7-m/nofp/libc_nano.a(lib_a-memset.o)
                                        0x907 (size before relaxing)
 .debug_str     0x000000000000087b    0x7a7e0 CMakeFiles/test2.dir/Core/Src/main.c.obj
                                      0x7ab16 (size before relaxing)
 .debug_str     0x000000000007b05b       0xee CMakeFiles/test2.dir/Core/Src/stm32f1xx_it.c.obj
                                      0x7a9c0 (size before relaxing)
 .debug_str     0x000000000007b149       0x8b CMakeFiles/test2.dir/Core/Src/stm32f1xx_hal_msp.c.obj
                                      0x7a9a3 (size before relaxing)
 .debug_str     0x000000000007b1d4      0x599 CMakeFiles/test2.dir/Drivers/STM32F1xx_HAL_Driver/Src/stm32f1xx_hal.c.obj
                                      0x7b021 (size before relaxing)
 .debug_str     0x000000000007b76d      0x280 CMakeFiles/test2.dir/Drivers/STM32F1xx_HAL_Driver/Src/stm32f1xx_hal_rcc.c.obj
                                      0x7ad82 (size before relaxing)
 .debug_str     0x000000000007b9ed      0x371 CMakeFiles/test2.dir/Drivers/STM32F1xx_HAL_Driver/Src/stm32f1xx_hal_gpio.c.obj
                                      0x7ad49 (size before relaxing)
 .debug_str     0x000000000007bd5e      0x331 CMakeFiles/test2.dir/Drivers/STM32F1xx_HAL_Driver/Src/stm32f1xx_hal_cortex.c.obj
                                      0x7b029 (size before relaxing)
 .debug_str     0x000000000007c08f       0x83 CMakeFiles/test2.dir/Core/Src/system_stm32f1xx.c.obj
                                      0x7a990 (size before relaxing)
 .debug_str     0x000000000007c112       0x56 CMakeFiles/test2.dir/startup_stm32f103xb.s.obj
                                         0x8a (size before relaxing)

.debug_frame    0x0000000000000000      0xd44
 .debug_frame   0x0000000000000000       0x2c /usr/lib/gcc/arm-none-eabi/9.2.1/../../../arm-none-eabi/lib/thumb/v7-m/nofp/libc_nano.a(lib_a-init.o)
 .debug_frame   0x000000000000002c       0x38 /usr/lib/gcc/arm-none-eabi/9.2.1/../../../arm-none-eabi/lib/thumb/v7-m/nofp/libc_nano.a(lib_a-memset.o)
 .debug_frame   0x0000000000000064       0x8c CMakeFiles/test2.dir/Core/Src/main.c.obj
 .debug_frame   0x00000000000000f0      0x104 CMakeFiles/test2.dir/Core/Src/stm32f1xx_it.c.obj
 .debug_frame   0x00000000000001f4       0x38 CMakeFiles/test2.dir/Core/Src/stm32f1xx_hal_msp.c.obj
 .debug_frame   0x000000000000022c      0x334 CMakeFiles/test2.dir/Drivers/STM32F1xx_HAL_Driver/Src/stm32f1xx_hal.c.obj
 .debug_frame   0x0000000000000560      0x218 CMakeFiles/test2.dir/Drivers/STM32F1xx_HAL_Driver/Src/stm32f1xx_hal_rcc.c.obj
 .debug_frame   0x0000000000000778      0x14c CMakeFiles/test2.dir/Drivers/STM32F1xx_HAL_Driver/Src/stm32f1xx_hal_gpio.c.obj
 .debug_frame   0x00000000000008c4      0x428 CMakeFiles/test2.dir/Drivers/STM32F1xx_HAL_Driver/Src/stm32f1xx_hal_cortex.c.obj
 .debug_frame   0x0000000000000cec       0x58 CMakeFiles/test2.dir/Core/Src/system_stm32f1xx.c.obj

.debug_ranges   0x0000000000000000      0x348
 .debug_ranges  0x0000000000000000       0x28 CMakeFiles/test2.dir/Core/Src/main.c.obj
 .debug_ranges  0x0000000000000028       0x50 CMakeFiles/test2.dir/Core/Src/stm32f1xx_it.c.obj
 .debug_ranges  0x0000000000000078       0x10 CMakeFiles/test2.dir/Core/Src/stm32f1xx_hal_msp.c.obj
 .debug_ranges  0x0000000000000088       0xd0 CMakeFiles/test2.dir/Drivers/STM32F1xx_HAL_Driver/Src/stm32f1xx_hal.c.obj
 .debug_ranges  0x0000000000000158       0x80 CMakeFiles/test2.dir/Drivers/STM32F1xx_HAL_Driver/Src/stm32f1xx_hal_rcc.c.obj
 .debug_ranges  0x00000000000001d8       0x48 CMakeFiles/test2.dir/Drivers/STM32F1xx_HAL_Driver/Src/stm32f1xx_hal_gpio.c.obj
 .debug_ranges  0x0000000000000220       0xf0 CMakeFiles/test2.dir/Drivers/STM32F1xx_HAL_Driver/Src/stm32f1xx_hal_cortex.c.obj
 .debug_ranges  0x0000000000000310       0x18 CMakeFiles/test2.dir/Core/Src/system_stm32f1xx.c.obj
 .debug_ranges  0x0000000000000328       0x20 CMakeFiles/test2.dir/startup_stm32f103xb.s.obj

.debug_macro    0x0000000000000000    0x155c5
 .debug_macro   0x0000000000000000      0x145 CMakeFiles/test2.dir/Core/Src/main.c.obj
 .debug_macro   0x0000000000000145      0xa9c CMakeFiles/test2.dir/Core/Src/main.c.obj
 .debug_macro   0x0000000000000be1      0x209 CMakeFiles/test2.dir/Core/Src/main.c.obj
 .debug_macro   0x0000000000000dea       0x2e CMakeFiles/test2.dir/Core/Src/main.c.obj
 .debug_macro   0x0000000000000e18       0x22 CMakeFiles/test2.dir/Core/Src/main.c.obj
 .debug_macro   0x0000000000000e3a      0x34e CMakeFiles/test2.dir/Core/Src/main.c.obj
 .debug_macro   0x0000000000001188       0x1c CMakeFiles/test2.dir/Core/Src/main.c.obj
 .debug_macro   0x00000000000011a4       0x22 CMakeFiles/test2.dir/Core/Src/main.c.obj
 .debug_macro   0x00000000000011c6       0xc3 CMakeFiles/test2.dir/Core/Src/main.c.obj
 .debug_macro   0x0000000000001289      0xd23 CMakeFiles/test2.dir/Core/Src/main.c.obj
 .debug_macro   0x0000000000001fac     0xe09e CMakeFiles/test2.dir/Core/Src/main.c.obj
 .debug_macro   0x000000000001004a       0x6d CMakeFiles/test2.dir/Core/Src/main.c.obj
 .debug_macro   0x00000000000100b7     0x34a2 CMakeFiles/test2.dir/Core/Src/main.c.obj
 .debug_macro   0x0000000000013559      0x174 CMakeFiles/test2.dir/Core/Src/main.c.obj
 .debug_macro   0x00000000000136cd       0x5c CMakeFiles/test2.dir/Core/Src/main.c.obj
 .debug_macro   0x0000000000013729      0x5bc CMakeFiles/test2.dir/Core/Src/main.c.obj
 .debug_macro   0x0000000000013ce5      0x289 CMakeFiles/test2.dir/Core/Src/main.c.obj
 .debug_macro   0x0000000000013f6e      0x1cb CMakeFiles/test2.dir/Core/Src/main.c.obj
 .debug_macro   0x0000000000014139      0x114 CMakeFiles/test2.dir/Core/Src/main.c.obj
 .debug_macro   0x000000000001424d      0x1b2 CMakeFiles/test2.dir/Core/Src/main.c.obj
 .debug_macro   0x00000000000143ff       0x27 CMakeFiles/test2.dir/Core/Src/main.c.obj
 .debug_macro   0x0000000000014426      0x136 CMakeFiles/test2.dir/Core/Src/main.c.obj
 .debug_macro   0x000000000001455c      0x1bc CMakeFiles/test2.dir/Core/Src/main.c.obj
 .debug_macro   0x0000000000014718       0x34 CMakeFiles/test2.dir/Core/Src/main.c.obj
 .debug_macro   0x000000000001474c       0x3c CMakeFiles/test2.dir/Core/Src/main.c.obj
 .debug_macro   0x0000000000014788       0x57 CMakeFiles/test2.dir/Core/Src/main.c.obj
 .debug_macro   0x00000000000147df       0x87 CMakeFiles/test2.dir/Core/Src/main.c.obj
 .debug_macro   0x0000000000014866      0x240 CMakeFiles/test2.dir/Core/Src/main.c.obj
 .debug_macro   0x0000000000014aa6      0x140 CMakeFiles/test2.dir/Core/Src/main.c.obj
 .debug_macro   0x0000000000014be6       0x83 CMakeFiles/test2.dir/Core/Src/main.c.obj
 .debug_macro   0x0000000000014c69      0x14f CMakeFiles/test2.dir/Core/Src/stm32f1xx_it.c.obj
 .debug_macro   0x0000000000014db8      0x145 CMakeFiles/test2.dir/Core/Src/stm32f1xx_hal_msp.c.obj
 .debug_macro   0x0000000000014efd      0x15f CMakeFiles/test2.dir/Drivers/STM32F1xx_HAL_Driver/Src/stm32f1xx_hal.c.obj
 .debug_macro   0x000000000001505c      0x14d CMakeFiles/test2.dir/Drivers/STM32F1xx_HAL_Driver/Src/stm32f1xx_hal_rcc.c.obj
 .debug_macro   0x00000000000151a9      0x1a6 CMakeFiles/test2.dir/Drivers/STM32F1xx_HAL_Driver/Src/stm32f1xx_hal_gpio.c.obj
 .debug_macro   0x000000000001534f      0x13b CMakeFiles/test2.dir/Drivers/STM32F1xx_HAL_Driver/Src/stm32f1xx_hal_cortex.c.obj
 .debug_macro   0x000000000001548a      0x13b CMakeFiles/test2.dir/Core/Src/system_stm32f1xx.c.obj
